make
wget
gpg
git
libstdc++-14-dev
g++
gcc
lsb-release
imagemagick
jq
ncdu
yq
bsdiff
nano
ffmpeg
libusb-dev
bubblewrap
trash-cli
libvlc-bin
libleveldb-dev
libvlc-dev
tar
bind9-dnsutils
telnet
lsof
dos2unix
apt-transport-https
command-not-found
man
openssl
libncurses-dev
openssh-server
openssh-client
poppler-utils
mc
fzf
libreadline-dev
build-essential
cmake
ninja-build
gnupg2
ca-certificates
lsb-release
debian-archive-keyring
libtool-bin
autoconf
aria2
libaria2-0-dev
zlib1g-dev
liblzma-dev
xz-utils
automake
nasm
autoconf
autoconf-archive
m4
libtool
pkg-config
libreadline-dev
tk-dev
ca-certificates
libtree-sitter-dev
gettext
tmux
bison
bat
zoxide
eza
ripgrep
flex
binutils
graphviz
libgraphviz-dev
libdjvulibre-dev
libgdbm-dev
qrencode
pandoc
zsh
libc6-dev
libbz2-dev
libffi-dev
zlib1g-dev
tesseract-ocr
tesseract-ocr-rus
python-is-python3
unzip
unrar
libunrar-dev
lz4
zstd
libzstd-dev
libncurses-dev
libssl-dev
libsqlite3-dev
libsqlite3-ext-icu
libsqlite3-ext-csv
curl
python3-pip
python3-numpy
python3-matplotlib
python3-lxml
python3-pil
python3-requests
python3-markdown-it
python3-mdit-py-plugins
python3-markdown
python3-scipy
python3-venv
python3-bs4
rclone
rsync
tree